------------------------------------------------------------
TimeQuest Timing Analyzer Summary
------------------------------------------------------------

Type  : Slow Model Setup 'u0|syspll|sd1|pll|clk[0]'
Slack : -2.624
TNS   : -1274.112

Type  : Slow Model Setup 'iCLK_50'
Slack : 15.211
TNS   : 0.000

Type  : Slow Model Setup 'u0|syspll|sd1|pll|clk[2]'
Slack : 94.774
TNS   : 0.000

Type  : Slow Model Hold 'iCLK_50'
Slack : -0.549
TNS   : -0.549

Type  : Slow Model Hold 'u0|syspll|sd1|pll|clk[0]'
Slack : 0.391
TNS   : 0.000

Type  : Slow Model Hold 'u0|syspll|sd1|pll|clk[2]'
Slack : 0.391
TNS   : 0.000

Type  : Slow Model Recovery 'u0|syspll|sd1|pll|clk[0]'
Slack : 1.976
TNS   : 0.000

Type  : Slow Model Recovery 'u0|syspll|sd1|pll|clk[2]'
Slack : 3.628
TNS   : 0.000

Type  : Slow Model Recovery 'iCLK_50'
Slack : 18.059
TNS   : 0.000

Type  : Slow Model Removal 'iCLK_50'
Slack : 1.031
TNS   : 0.000

Type  : Slow Model Removal 'u0|syspll|sd1|pll|clk[0]'
Slack : 1.733
TNS   : 0.000

Type  : Slow Model Removal 'u0|syspll|sd1|pll|clk[2]'
Slack : 2.808
TNS   : 0.000

Type  : Slow Model Minimum Pulse Width 'u0|syspll|sd1|pll|clk[0]'
Slack : 1.206
TNS   : 0.000

Type  : Slow Model Minimum Pulse Width 'iCLK_50'
Slack : 9.000
TNS   : 0.000

Type  : Slow Model Minimum Pulse Width 'u0|syspll|sd1|pll|clk[2]'
Slack : 47.873
TNS   : 0.000

Type  : Slow Model Minimum Pulse Width 'altera_reserved_tck'
Slack : 97.778
TNS   : 0.000

Type  : Fast Model Setup 'u0|syspll|sd1|pll|clk[0]'
Slack : 2.464
TNS   : 0.000

Type  : Fast Model Setup 'iCLK_50'
Slack : 17.812
TNS   : 0.000

Type  : Fast Model Setup 'u0|syspll|sd1|pll|clk[2]'
Slack : 97.269
TNS   : 0.000

Type  : Fast Model Hold 'iCLK_50'
Slack : -0.104
TNS   : -0.104

Type  : Fast Model Hold 'u0|syspll|sd1|pll|clk[0]'
Slack : 0.215
TNS   : 0.000

Type  : Fast Model Hold 'u0|syspll|sd1|pll|clk[2]'
Slack : 0.215
TNS   : 0.000

Type  : Fast Model Recovery 'u0|syspll|sd1|pll|clk[0]'
Slack : 4.307
TNS   : 0.000

Type  : Fast Model Recovery 'u0|syspll|sd1|pll|clk[2]'
Slack : 5.121
TNS   : 0.000

Type  : Fast Model Recovery 'iCLK_50'
Slack : 18.988
TNS   : 0.000

Type  : Fast Model Removal 'iCLK_50'
Slack : 0.580
TNS   : 0.000

Type  : Fast Model Removal 'u0|syspll|sd1|pll|clk[0]'
Slack : 0.983
TNS   : 0.000

Type  : Fast Model Removal 'u0|syspll|sd1|pll|clk[2]'
Slack : 1.425
TNS   : 0.000

Type  : Fast Model Minimum Pulse Width 'u0|syspll|sd1|pll|clk[0]'
Slack : 1.206
TNS   : 0.000

Type  : Fast Model Minimum Pulse Width 'iCLK_50'
Slack : 9.000
TNS   : 0.000

Type  : Fast Model Minimum Pulse Width 'u0|syspll|sd1|pll|clk[2]'
Slack : 47.873
TNS   : 0.000

Type  : Fast Model Minimum Pulse Width 'altera_reserved_tck'
Slack : 97.778
TNS   : 0.000

------------------------------------------------------------
